Checker driving port
Checker complete
xCORE client \d input data correctly
xCORE client \d input data correctly
xCORE client \d input data correctly
xCORE client \d input data correctly
