Checker driving port
Checker complete
xCORE input data correctly
