xCORE client \d driving port
xCORE client \d driving port
xCORE client \d driving port
xCORE client \d driving port
xCORE waiting for termination signal
Checker has seen correct value on pin \d
Checker has seen correct value on pin \d
Checker has seen correct value on pin \d
Checker has seen correct value on pin \d
Checker has seen all pins change
Checker driving termination trigger
Checker complete
